<!DOCTYPE html>
<html>
<head>
<style>
/* Origin块应该输出的CSS内容 */
body {
    margin: 0;
    padding: 0;
}
</style>
</head>
<body>
<div>
测试内容
</div>
<!-- Origin: MyHtml -->
<p>这是原始HTML内容</p>
</body>
</html>